// Jest Snapshot v1, https://goo.gl/fbAQLP

exports[`generateLicenseFile for package project-1/package.json with a relative path for line ending crlf should match snapshot 1`] = `
"This file was generated with the generate-license-file npm package!
https://www.npmjs.com/package/generate-license-file

The following npm package may be included in this product:

 - dep-five@1.0.0

This package contains the following license and notice below:

# Dep Five

| Test Case | NO LICENSE FILE  |
| --------- | ---------------- |
| Found     | TRUE (README.MD) |

## Notes

This README should be used as a substitute for the license file.

-----------

The following npm package may be included in this product:

 - dep-four@1.0.0

This package contains the following license and notice below:

# Dep Four

This license file is spelt \`LICENCE\`.
This license should be found.

-----------

The following npm package may be included in this product:

 - dep-one@1.0.0

This package contains the following license and notice below:

# Dep One

This license file is spelt \`LICENSE.md\`.
This license should be found.

-----------

The following npm package may be included in this product:

 - dep-three@1.0.0

This package contains the following license and notice below:

# Dep Three

This license file is spelt \`LICENSE\`.
This license should be found.

-----------

The following npm packages may be included in this product:

 - dep-two-duplicate@1.0.0
 - dep-two@1.0.0

These packages each contain the following license and notice below:

# Dep Two

This license file is spelt \`LICENCE.md\`.
This license should be found.

-----------

This file was generated with the generate-license-file npm package!
https://www.npmjs.com/package/generate-license-file
"
`;

exports[`generateLicenseFile for package project-1/package.json with a relative path for line ending lf should match snapshot 1`] = `
"This file was generated with the generate-license-file npm package!
https://www.npmjs.com/package/generate-license-file

The following npm package may be included in this product:

 - dep-five@1.0.0

This package contains the following license and notice below:

# Dep Five

| Test Case | NO LICENSE FILE  |
| --------- | ---------------- |
| Found     | TRUE (README.MD) |

## Notes

This README should be used as a substitute for the license file.

-----------

The following npm package may be included in this product:

 - dep-four@1.0.0

This package contains the following license and notice below:

# Dep Four

This license file is spelt \`LICENCE\`.
This license should be found.

-----------

The following npm package may be included in this product:

 - dep-one@1.0.0

This package contains the following license and notice below:

# Dep One

This license file is spelt \`LICENSE.md\`.
This license should be found.

-----------

The following npm package may be included in this product:

 - dep-three@1.0.0

This package contains the following license and notice below:

# Dep Three

This license file is spelt \`LICENSE\`.
This license should be found.

-----------

The following npm packages may be included in this product:

 - dep-two-duplicate@1.0.0
 - dep-two@1.0.0

These packages each contain the following license and notice below:

# Dep Two

This license file is spelt \`LICENCE.md\`.
This license should be found.

-----------

This file was generated with the generate-license-file npm package!
https://www.npmjs.com/package/generate-license-file
"
`;

exports[`generateLicenseFile for package project-1/package.json with an absolute path for line ending crlf should match snapshot 1`] = `
"This file was generated with the generate-license-file npm package!
https://www.npmjs.com/package/generate-license-file

The following npm package may be included in this product:

 - dep-five@1.0.0

This package contains the following license and notice below:

# Dep Five

| Test Case | NO LICENSE FILE  |
| --------- | ---------------- |
| Found     | TRUE (README.MD) |

## Notes

This README should be used as a substitute for the license file.

-----------

The following npm package may be included in this product:

 - dep-four@1.0.0

This package contains the following license and notice below:

# Dep Four

This license file is spelt \`LICENCE\`.
This license should be found.

-----------

The following npm package may be included in this product:

 - dep-one@1.0.0

This package contains the following license and notice below:

# Dep One

This license file is spelt \`LICENSE.md\`.
This license should be found.

-----------

The following npm package may be included in this product:

 - dep-three@1.0.0

This package contains the following license and notice below:

# Dep Three

This license file is spelt \`LICENSE\`.
This license should be found.

-----------

The following npm packages may be included in this product:

 - dep-two-duplicate@1.0.0
 - dep-two@1.0.0

These packages each contain the following license and notice below:

# Dep Two

This license file is spelt \`LICENCE.md\`.
This license should be found.

-----------

This file was generated with the generate-license-file npm package!
https://www.npmjs.com/package/generate-license-file
"
`;

exports[`generateLicenseFile for package project-1/package.json with an absolute path for line ending lf should match snapshot 1`] = `
"This file was generated with the generate-license-file npm package!
https://www.npmjs.com/package/generate-license-file

The following npm package may be included in this product:

 - dep-five@1.0.0

This package contains the following license and notice below:

# Dep Five

| Test Case | NO LICENSE FILE  |
| --------- | ---------------- |
| Found     | TRUE (README.MD) |

## Notes

This README should be used as a substitute for the license file.

-----------

The following npm package may be included in this product:

 - dep-four@1.0.0

This package contains the following license and notice below:

# Dep Four

This license file is spelt \`LICENCE\`.
This license should be found.

-----------

The following npm package may be included in this product:

 - dep-one@1.0.0

This package contains the following license and notice below:

# Dep One

This license file is spelt \`LICENSE.md\`.
This license should be found.

-----------

The following npm package may be included in this product:

 - dep-three@1.0.0

This package contains the following license and notice below:

# Dep Three

This license file is spelt \`LICENSE\`.
This license should be found.

-----------

The following npm packages may be included in this product:

 - dep-two-duplicate@1.0.0
 - dep-two@1.0.0

These packages each contain the following license and notice below:

# Dep Two

This license file is spelt \`LICENCE.md\`.
This license should be found.

-----------

This file was generated with the generate-license-file npm package!
https://www.npmjs.com/package/generate-license-file
"
`;
